No tests found, exiting with code 1
Run with `--passWithNoTests` to exit with code 0
In C:\Users\USER\Desktop\adaniworld\adaniPrintworld\backend
  44 files checked.
  testMatch: **/tests/**/*.test.js - 7 matches
  testPathIgnorePatterns: \\node_modules\\ - 44 matches
  testRegex:  - 0 matches
Pattern: tests\\workflow_test.js - 0 matches
